// Jest Snapshot v1, https://goo.gl/fbAQLP

exports[`Component: Header To have nested elements To match snapshot 1`] = `
<div
  className="MuiGrid-root MuiGrid-item MuiGrid-grid-xs-12"
>
  <header
    className="MuiPaper-root MuiAppBar-root MuiAppBar-positionFixed MuiAppBar-colorDefault mui-fixed MuiPaper-elevation4"
  >
    <div
      className="MuiToolbar-root MuiToolbar-regular"
    >
      <div
        className="MuiContainer-root MuiContainer-maxWidthLg"
      >
        <div
          className="MuiGrid-root MuiGrid-container"
        >
          <div
            className="MuiGrid-root MuiGrid-container MuiGrid-spacing-xs-2 MuiGrid-item MuiGrid-grid-xs-4"
          >
            <div
              className="MuiGrid-root MuiGrid-item MuiGrid-grid-xs-3"
            >
              <a
                aria-current={null}
                onClick={[Function]}
              >
                <img
                  alt="logo"
                  src="https://via.placeholder.com/50x40"
                />
              </a>
            </div>
            <div
              className="MuiGrid-root MuiGrid-item MuiGrid-grid-xs-9"
            >
              <a
                aria-current={null}
                onClick={[Function]}
              >
                <h5
                  className="MuiTypography-root MuiTypography-h5"
                >
                  GetBooks
                </h5>
              </a>
            </div>
          </div>
          <div
            className="MuiGrid-root MuiGrid-item MuiGrid-grid-xs-4"
          />
          <div
            className="MuiGrid-root MuiGrid-container MuiGrid-spacing-xs-2 MuiGrid-item MuiGrid-grid-xs-4"
          >
            <div
              className="MuiGrid-root MuiGrid-item MuiGrid-grid-xs-4"
            >
              <a
                aria-current={null}
                onClick={[Function]}
              >
                <button
                  className="MuiButtonBase-root MuiButton-root MuiButton-text"
                  disabled={false}
                  onBlur={[Function]}
                  onClick={[Function]}
                  onDragLeave={[Function]}
                  onFocus={[Function]}
                  onKeyDown={[Function]}
                  onKeyUp={[Function]}
                  onMouseDown={[Function]}
                  onMouseLeave={[Function]}
                  onMouseUp={[Function]}
                  onTouchEnd={[Function]}
                  onTouchMove={[Function]}
                  onTouchStart={[Function]}
                  tabIndex={0}
                  type="button"
                >
                  <span
                    className="MuiButton-label"
                  >
                    Contacts
                  </span>
                </button>
              </a>
            </div>
            <div
              className="MuiGrid-root MuiGrid-item MuiGrid-grid-xs-4"
            >
              <a
                aria-current={null}
                onClick={[Function]}
              >
                <span
                  className="MuiBadge-root makeStyles-badge-1"
                >
                  <button
                    aria-label="added to shopping cart"
                    className="MuiButtonBase-root MuiIconButton-root"
                    disabled={false}
                    onBlur={[Function]}
                    onDragLeave={[Function]}
                    onFocus={[Function]}
                    onKeyDown={[Function]}
                    onKeyUp={[Function]}
                    onMouseDown={[Function]}
                    onMouseLeave={[Function]}
                    onMouseUp={[Function]}
                    onTouchEnd={[Function]}
                    onTouchMove={[Function]}
                    onTouchStart={[Function]}
                    tabIndex={0}
                    type="button"
                  >
                    <span
                      className="MuiIconButton-label"
                    >
                      <svg
                        aria-hidden="true"
                        className="MuiSvgIcon-root"
                        focusable="false"
                        viewBox="0 0 24 24"
                      >
                        <path
                          d="M11 9h2V6h3V4h-3V1h-2v3H8v2h3v3zm-4 9c-1.1 0-1.99.9-1.99 2S5.9 22 7 22s2-.9 2-2-.9-2-2-2zm10 0c-1.1 0-1.99.9-1.99 2s.89 2 1.99 2 2-.9 2-2-.9-2-2-2zm-9.83-3.25l.03-.12.9-1.63h7.45c.75 0 1.41-.41 1.75-1.03l3.86-7.01L19.42 4h-.01l-1.1 2-2.76 5H8.53l-.13-.27L6.16 6l-.95-2-.94-2H1v2h2l3.6 7.59-1.35 2.45c-.16.28-.25.61-.25.96 0 1.1.9 2 2 2h12v-2H7.42c-.13 0-.25-.11-.25-.25z"
                        />
                      </svg>
                    </span>
                  </button>
                  <span
                    className="MuiBadge-badge MuiBadge-anchorOriginTopRightRectangle MuiBadge-colorPrimary MuiBadge-invisible"
                  >
                    0
                  </span>
                </span>
              </a>
            </div>
            <div
              className="MuiGrid-root MuiGrid-item MuiGrid-grid-xs-4"
            >
              <a
                aria-current={null}
                onClick={[Function]}
              >
                <button
                  className="MuiButtonBase-root MuiButton-root MuiButton-contained MuiButton-containedPrimary Mui-disabled Mui-disabled"
                  disabled={true}
                  onBlur={[Function]}
                  onClick={[Function]}
                  onDragLeave={[Function]}
                  onFocus={[Function]}
                  onKeyDown={[Function]}
                  onKeyUp={[Function]}
                  onMouseDown={[Function]}
                  onMouseLeave={[Function]}
                  onMouseUp={[Function]}
                  onTouchEnd={[Function]}
                  onTouchMove={[Function]}
                  onTouchStart={[Function]}
                  tabIndex={-1}
                  type="button"
                >
                  <span
                    className="MuiButton-label"
                  >
                    Log In
                  </span>
                </button>
              </a>
            </div>
          </div>
        </div>
      </div>
    </div>
  </header>
  <div
    className="MuiToolbar-root MuiToolbar-regular MuiToolbar-gutters"
  />
</div>
`;
